ATC/doc
ATC/ATCTest.hs
ATC/ATCTest2.hs

CASL/Makefile
CASL/RunMixfixParser.hs
CASL/RunStaticAna.hs
CASL/capa.hs
CASL/ghc-call
CASL/doc
CASL/test
CASL/iterate.sh

CSP-CASL

Common/CaslLanguage.hs
Common/LaTeX_maps.svmono.hs
Common/Makefile
Common/RunParsers.hs
Common/doc
Common/test
Common/annos.hs
Common/ghc-call
Common/test_parser.hs

Common/ATerm/ATermDiffMain.hs
Common/ATerm/ATermLibTest.hs

Common/Lib/HUnit
Common/test

Comorphisms/test

CspCASL/Main.hs
CspCASL/Makefile
CspCASL/print_csp.hs
CspCASL/test

GUI/hetdg.hs
GUI/todo

HasCASL/Makefile
HasCASL/RunMixfixParser.hs
HasCASL/RunStaticAna.hs
HasCASL/doc/StaticAna.tex
HasCASL/ghc-call
HasCASL/ghci-call
HasCASL/hacapa.hs
HasCASL/test

Haskell/HParser.hs
Haskell/Language.hs
Haskell/Logical.hs
Haskell/ghc-call
Haskell/hana.hs
Haskell/questions
Haskell/test
Haskell/todo
Haskell/wrap.hs

Haskell/Hatchet
Haskell/Language
Hatchet

LICENCE.txt
Lottery
Modal/Basic.mod

SPASS/tests

Static/LogicStructured.hs
Static/hetana.hs

Syntax/hetpa.hs

Taxonomy/taxonomyTool.hs

Test.hs
ToHaskell
aterm_conv
distribution

docs

doc
fgl
ideas
install.sh
mini
parsec
pretty
test
todo

utils/appendHaskellPreludeString
utils/outlineAxioms
utils/DrIFT
utils/examine_doc_log.pl
utils/genRules
utils/Omdoc
utils/nightly
